#-----------------------------------------------------------
# Vivado v2017.4 (64-bit)
# SW Build 2086221 on Fri Dec 15 20:55:39 MST 2017
# IP Build 2085800 on Fri Dec 15 22:25:07 MST 2017
# Start of session at: Thu Sep 12 13:30:16 2024
# Process ID: 22044
# Current directory: E:/vivadoprojects/adcether/adc_8channel_zyw_2
# Command line: vivado.exe -gui_launcher_event rodinguilauncherevent2512 E:\vivadoprojects\adcether\adc_8channel_zyw_2\adc_8channel_zyw_1.xpr
# Log file: E:/vivadoprojects/adcether/adc_8channel_zyw_2/vivado.log
# Journal file: E:/vivadoprojects/adcether/adc_8channel_zyw_2\vivado.jou
#-----------------------------------------------------------
start_gui
open_project E:/vivadoprojects/adcether/adc_8channel_zyw_2/adc_8channel_zyw_1.xpr
update_compile_order -fileset sources_1
file mkdir E:/vivadoprojects/adcether/adc_8channel_zyw_2/adc_8channel_zyw_1.srcs/sources_1/new
close [ open E:/vivadoprojects/adcether/adc_8channel_zyw_2/adc_8channel_zyw_1.srcs/sources_1/new/data_sample_inv.v w ]
add_files E:/vivadoprojects/adcether/adc_8channel_zyw_2/adc_8channel_zyw_1.srcs/sources_1/new/data_sample_inv.v
update_compile_order -fileset sources_1
update_compile_order -fileset sources_1
reset_run synth_1
launch_runs impl_1 -to_step write_bitstream -jobs 12
wait_on_run impl_1
open_hw
connect_hw_server
open_hw_target
set_property PROGRAM.FILE {E:/vivadoprojects/adcether/adc_8channel_zyw_2/adc_8channel_zyw_1.runs/impl_1/top.bit} [get_hw_devices xcku040_0]
set_property PROBES.FILE {E:/vivadoprojects/adcether/adc_8channel_zyw_2/adc_8channel_zyw_1.runs/impl_1/top.ltx} [get_hw_devices xcku040_0]
set_property FULL_PROBES.FILE {E:/vivadoprojects/adcether/adc_8channel_zyw_2/adc_8channel_zyw_1.runs/impl_1/top.ltx} [get_hw_devices xcku040_0]
current_hw_device [get_hw_devices xcku040_0]
refresh_hw_device [lindex [get_hw_devices xcku040_0] 0]
create_hw_cfgmem -hw_device [lindex [get_hw_devices] 0] -mem_dev [lindex [get_cfgmem_parts {mt25ql128-spi-x1_x2_x4}] 0]
display_hw_ila_data [ get_hw_ila_data hw_ila_data_1 -of_objects [get_hw_ilas -of_objects [get_hw_devices xcku040_0] -filter {CELL_NAME=~"data/adc_A_data_package/uut_3"}]]
display_hw_ila_data [ get_hw_ila_data hw_ila_data_2 -of_objects [get_hw_ilas -of_objects [get_hw_devices xcku040_0] -filter {CELL_NAME=~"data/adc_A_data_sample/uut_0"}]]
display_hw_ila_data [ get_hw_ila_data hw_ila_data_3 -of_objects [get_hw_ilas -of_objects [get_hw_devices xcku040_0] -filter {CELL_NAME=~"data/adc_B_data_package/uut_3"}]]
display_hw_ila_data [ get_hw_ila_data hw_ila_data_4 -of_objects [get_hw_ilas -of_objects [get_hw_devices xcku040_0] -filter {CELL_NAME=~"data/adc_B_data_sample/uut_0"}]]
display_hw_ila_data [ get_hw_ila_data hw_ila_data_5 -of_objects [get_hw_ilas -of_objects [get_hw_devices xcku040_0] -filter {CELL_NAME=~"data/adc_C_data_package/uut_3"}]]
display_hw_ila_data [ get_hw_ila_data hw_ila_data_6 -of_objects [get_hw_ilas -of_objects [get_hw_devices xcku040_0] -filter {CELL_NAME=~"data/adc_C_data_sample/uut_0"}]]
display_hw_ila_data [ get_hw_ila_data hw_ila_data_7 -of_objects [get_hw_ilas -of_objects [get_hw_devices xcku040_0] -filter {CELL_NAME=~"data/adc_D_data_package/uut_3"}]]
display_hw_ila_data [ get_hw_ila_data hw_ila_data_8 -of_objects [get_hw_ilas -of_objects [get_hw_devices xcku040_0] -filter {CELL_NAME=~"data/adc_D_data_sample/uut_0"}]]
display_hw_ila_data [ get_hw_ila_data hw_ila_data_9 -of_objects [get_hw_ilas -of_objects [get_hw_devices xcku040_0] -filter {CELL_NAME=~"data/adc_E_data_package/uut_3"}]]
display_hw_ila_data [ get_hw_ila_data hw_ila_data_10 -of_objects [get_hw_ilas -of_objects [get_hw_devices xcku040_0] -filter {CELL_NAME=~"data/adc_E_data_sample/uut_0"}]]
display_hw_ila_data [ get_hw_ila_data hw_ila_data_11 -of_objects [get_hw_ilas -of_objects [get_hw_devices xcku040_0] -filter {CELL_NAME=~"data/adc_F_data_package/uut_3"}]]
display_hw_ila_data [ get_hw_ila_data hw_ila_data_12 -of_objects [get_hw_ilas -of_objects [get_hw_devices xcku040_0] -filter {CELL_NAME=~"data/adc_F_data_sample/uut_0"}]]
display_hw_ila_data [ get_hw_ila_data hw_ila_data_13 -of_objects [get_hw_ilas -of_objects [get_hw_devices xcku040_0] -filter {CELL_NAME=~"data/adc_G_data_package/uut_3"}]]
display_hw_ila_data [ get_hw_ila_data hw_ila_data_14 -of_objects [get_hw_ilas -of_objects [get_hw_devices xcku040_0] -filter {CELL_NAME=~"data/adc_G_data_sample/uut_0"}]]
display_hw_ila_data [ get_hw_ila_data hw_ila_data_15 -of_objects [get_hw_ilas -of_objects [get_hw_devices xcku040_0] -filter {CELL_NAME=~"data/adc_H_data_package/uut_3"}]]
display_hw_ila_data [ get_hw_ila_data hw_ila_data_16 -of_objects [get_hw_ilas -of_objects [get_hw_devices xcku040_0] -filter {CELL_NAME=~"data/adc_H_data_sample/uut_0"}]]
display_hw_ila_data [ get_hw_ila_data hw_ila_data_17 -of_objects [get_hw_ilas -of_objects [get_hw_devices xcku040_0] -filter {CELL_NAME=~"data/uut_1"}]]
display_hw_ila_data [ get_hw_ila_data hw_ila_data_18 -of_objects [get_hw_ilas -of_objects [get_hw_devices xcku040_0] -filter {CELL_NAME=~"ethernet2/eth2/mac_test0/mac_top0/mac_tx0/udp0/ustm"}]]
display_hw_ila_data [ get_hw_ila_data hw_ila_data_19 -of_objects [get_hw_ilas -of_objects [get_hw_devices xcku040_0] -filter {CELL_NAME=~"ethernet2/eth2/mac_test0/urtss"}]]
display_hw_ila_data [ get_hw_ila_data hw_ila_data_20 -of_objects [get_hw_ilas -of_objects [get_hw_devices xcku040_0] -filter {CELL_NAME=~"ethernet2_2/eth2/mac_test0/mac_top0/mac_tx0/udp0/ustm"}]]
display_hw_ila_data [ get_hw_ila_data hw_ila_data_21 -of_objects [get_hw_ilas -of_objects [get_hw_devices xcku040_0] -filter {CELL_NAME=~"ethernet2_2/eth2/mac_test0/urtss"}]]
display_hw_ila_data [ get_hw_ila_data hw_ila_data_22 -of_objects [get_hw_ilas -of_objects [get_hw_devices xcku040_0] -filter {CELL_NAME=~"wr_sd/ila_m0"}]]
display_hw_ila_data [ get_hw_ila_data hw_ila_data_23 -of_objects [get_hw_ilas -of_objects [get_hw_devices xcku040_0] -filter {CELL_NAME=~"wr_sd/sd_card_top_m0/sd_card_sec_read_write_m0/sd"}]]
set_property PROBES.FILE {E:/vivadoprojects/adcether/adc_8channel_zyw_2/adc_8channel_zyw_1.runs/impl_1/top.ltx} [get_hw_devices xcku040_0]
set_property FULL_PROBES.FILE {E:/vivadoprojects/adcether/adc_8channel_zyw_2/adc_8channel_zyw_1.runs/impl_1/top.ltx} [get_hw_devices xcku040_0]
set_property PROGRAM.FILE {E:/vivadoprojects/adcether/adc_8channel_zyw_2/adc_8channel_zyw_1.runs/impl_1/top.bit} [get_hw_devices xcku040_0]
program_hw_devices [get_hw_devices xcku040_0]
refresh_hw_device [lindex [get_hw_devices xcku040_0] 0]
delete_hw_cfgmem [ get_property PROGRAM.HW_CFGMEM [get_hw_devices xcku040_0 ]]
create_hw_cfgmem -hw_device [lindex [get_hw_devices xcku040_0] 0] [lindex [get_cfgmem_parts {mt25ql128-spi-x1_x2_x4}] 0]
set_property PROGRAM.BLANK_CHECK  0 [ get_property PROGRAM.HW_CFGMEM [lindex [get_hw_devices xcku040_0] 0]]
set_property PROGRAM.ERASE  1 [ get_property PROGRAM.HW_CFGMEM [lindex [get_hw_devices xcku040_0] 0]]
set_property PROGRAM.CFG_PROGRAM  1 [ get_property PROGRAM.HW_CFGMEM [lindex [get_hw_devices xcku040_0] 0]]
set_property PROGRAM.VERIFY  1 [ get_property PROGRAM.HW_CFGMEM [lindex [get_hw_devices xcku040_0] 0]]
set_property PROGRAM.CHECKSUM  0 [ get_property PROGRAM.HW_CFGMEM [lindex [get_hw_devices xcku040_0] 0]]
refresh_hw_device [lindex [get_hw_devices xcku040_0] 0]
set_property PROGRAM.ADDRESS_RANGE  {use_file} [ get_property PROGRAM.HW_CFGMEM [lindex [get_hw_devices xcku040_0] 0]]
set_property PROGRAM.FILES [list "E:/vivadoprojects/adcether/adc_8channel_zyw_2/adc_8channel_zyw_1.runs/impl_1/top.bin" ] [ get_property PROGRAM.HW_CFGMEM [lindex [get_hw_devices xcku040_0] 0]]
set_property PROGRAM.PRM_FILE {} [ get_property PROGRAM.HW_CFGMEM [lindex [get_hw_devices xcku040_0] 0]]
set_property PROGRAM.UNUSED_PIN_TERMINATION {pull-none} [ get_property PROGRAM.HW_CFGMEM [lindex [get_hw_devices xcku040_0] 0]]
set_property PROGRAM.BLANK_CHECK  0 [ get_property PROGRAM.HW_CFGMEM [lindex [get_hw_devices xcku040_0] 0]]
set_property PROGRAM.ERASE  1 [ get_property PROGRAM.HW_CFGMEM [lindex [get_hw_devices xcku040_0] 0]]
set_property PROGRAM.CFG_PROGRAM  1 [ get_property PROGRAM.HW_CFGMEM [lindex [get_hw_devices xcku040_0] 0]]
set_property PROGRAM.VERIFY  1 [ get_property PROGRAM.HW_CFGMEM [lindex [get_hw_devices xcku040_0] 0]]
set_property PROGRAM.CHECKSUM  0 [ get_property PROGRAM.HW_CFGMEM [lindex [get_hw_devices xcku040_0] 0]]
startgroup 
if {![string equal [get_property PROGRAM.HW_CFGMEM_TYPE  [lindex [get_hw_devices xcku040_0] 0]] [get_property MEM_TYPE [get_property CFGMEM_PART [ get_property PROGRAM.HW_CFGMEM [lindex [get_hw_devices xcku040_0] 0]]]]] }  { create_hw_bitstream -hw_device [lindex [get_hw_devices xcku040_0] 0] [get_property PROGRAM.HW_CFGMEM_BITFILE [ lindex [get_hw_devices xcku040_0] 0]]; program_hw_devices [lindex [get_hw_devices xcku040_0] 0]; }; 
program_hw_cfgmem -hw_cfgmem [ get_property PROGRAM.HW_CFGMEM [lindex [get_hw_devices xcku040_0] 0]]
endgroup
reset_run synth_1
launch_runs impl_1 -to_step write_bitstream -jobs 12
wait_on_run impl_1
reset_run impl_1
set_property -dict [list CONFIG.C_NUM_OF_PROBES {41}] [get_ips ila_1]
generate_target all [get_files  E:/vivadoprojects/adcether/adc_8channel_zyw_2/adc_8channel_zyw_1.srcs/sources_1/ip/ila_1/ila_1.xci]
catch { config_ip_cache -export [get_ips -all ila_1] }
export_ip_user_files -of_objects [get_files E:/vivadoprojects/adcether/adc_8channel_zyw_2/adc_8channel_zyw_1.srcs/sources_1/ip/ila_1/ila_1.xci] -no_script -sync -force -quiet
reset_run ila_1_synth_1
launch_runs -jobs 12 ila_1_synth_1
export_simulation -of_objects [get_files E:/vivadoprojects/adcether/adc_8channel_zyw_2/adc_8channel_zyw_1.srcs/sources_1/ip/ila_1/ila_1.xci] -directory E:/vivadoprojects/adcether/adc_8channel_zyw_2/adc_8channel_zyw_1.ip_user_files/sim_scripts -ip_user_files_dir E:/vivadoprojects/adcether/adc_8channel_zyw_2/adc_8channel_zyw_1.ip_user_files -ipstatic_source_dir E:/vivadoprojects/adcether/adc_8channel_zyw_2/adc_8channel_zyw_1.ip_user_files/ipstatic -lib_map_path [list {modelsim=E:/vivadoprojects/adcether/adc_8channel_zyw_2/adc_8channel_zyw_1.cache/compile_simlib/modelsim} {questa=E:/vivadoprojects/adcether/adc_8channel_zyw_2/adc_8channel_zyw_1.cache/compile_simlib/questa} {riviera=E:/vivadoprojects/adcether/adc_8channel_zyw_2/adc_8channel_zyw_1.cache/compile_simlib/riviera} {activehdl=E:/vivadoprojects/adcether/adc_8channel_zyw_2/adc_8channel_zyw_1.cache/compile_simlib/activehdl}] -use_ip_compiled_libs -force -quiet
reset_run synth_1
launch_runs impl_1 -to_step write_bitstream -jobs 12
wait_on_run impl_1
set_property -dict [list CONFIG.C_NUM_OF_PROBES {42}] [get_ips ila_1]
generate_target all [get_files  E:/vivadoprojects/adcether/adc_8channel_zyw_2/adc_8channel_zyw_1.srcs/sources_1/ip/ila_1/ila_1.xci]
catch { config_ip_cache -export [get_ips -all ila_1] }
export_ip_user_files -of_objects [get_files E:/vivadoprojects/adcether/adc_8channel_zyw_2/adc_8channel_zyw_1.srcs/sources_1/ip/ila_1/ila_1.xci] -no_script -sync -force -quiet
reset_run ila_1_synth_1
launch_runs -jobs 12 ila_1_synth_1
export_simulation -of_objects [get_files E:/vivadoprojects/adcether/adc_8channel_zyw_2/adc_8channel_zyw_1.srcs/sources_1/ip/ila_1/ila_1.xci] -directory E:/vivadoprojects/adcether/adc_8channel_zyw_2/adc_8channel_zyw_1.ip_user_files/sim_scripts -ip_user_files_dir E:/vivadoprojects/adcether/adc_8channel_zyw_2/adc_8channel_zyw_1.ip_user_files -ipstatic_source_dir E:/vivadoprojects/adcether/adc_8channel_zyw_2/adc_8channel_zyw_1.ip_user_files/ipstatic -lib_map_path [list {modelsim=E:/vivadoprojects/adcether/adc_8channel_zyw_2/adc_8channel_zyw_1.cache/compile_simlib/modelsim} {questa=E:/vivadoprojects/adcether/adc_8channel_zyw_2/adc_8channel_zyw_1.cache/compile_simlib/questa} {riviera=E:/vivadoprojects/adcether/adc_8channel_zyw_2/adc_8channel_zyw_1.cache/compile_simlib/riviera} {activehdl=E:/vivadoprojects/adcether/adc_8channel_zyw_2/adc_8channel_zyw_1.cache/compile_simlib/activehdl}] -use_ip_compiled_libs -force -quiet
reset_run synth_1
launch_runs impl_1 -to_step write_bitstream -jobs 12
wait_on_run impl_1
disconnect_hw_server localhost:3121
connect_hw_server
open_hw_target
set_property PROBES.FILE {E:/vivadoprojects/adcether/adc_8channel_zyw_2/adc_8channel_zyw_1.runs/impl_1/top.ltx} [get_hw_devices xcku040_0]
set_property FULL_PROBES.FILE {E:/vivadoprojects/adcether/adc_8channel_zyw_2/adc_8channel_zyw_1.runs/impl_1/top.ltx} [get_hw_devices xcku040_0]
set_property PROGRAM.FILE {E:/vivadoprojects/adcether/adc_8channel_zyw_2/adc_8channel_zyw_1.runs/impl_1/top.bit} [get_hw_devices xcku040_0]
program_hw_devices [get_hw_devices xcku040_0]
refresh_hw_device [lindex [get_hw_devices xcku040_0] 0]
create_hw_cfgmem -hw_device [lindex [get_hw_devices] 0] -mem_dev [lindex [get_cfgmem_parts {mt25ql128-spi-x1_x2_x4}] 0]
display_hw_ila_data [ get_hw_ila_data hw_ila_data_1 -of_objects [get_hw_ilas -of_objects [get_hw_devices xcku040_0] -filter {CELL_NAME=~"data/adc_A_data_package/uut_3"}]]
display_hw_ila_data [ get_hw_ila_data hw_ila_data_2 -of_objects [get_hw_ilas -of_objects [get_hw_devices xcku040_0] -filter {CELL_NAME=~"data/adc_A_data_sample/uut_0"}]]
display_hw_ila_data [ get_hw_ila_data hw_ila_data_3 -of_objects [get_hw_ilas -of_objects [get_hw_devices xcku040_0] -filter {CELL_NAME=~"data/adc_B_data_package/uut_3"}]]
display_hw_ila_data [ get_hw_ila_data hw_ila_data_4 -of_objects [get_hw_ilas -of_objects [get_hw_devices xcku040_0] -filter {CELL_NAME=~"data/adc_B_data_sample/uut_0"}]]
display_hw_ila_data [ get_hw_ila_data hw_ila_data_5 -of_objects [get_hw_ilas -of_objects [get_hw_devices xcku040_0] -filter {CELL_NAME=~"data/adc_C_data_package/uut_3"}]]
display_hw_ila_data [ get_hw_ila_data hw_ila_data_6 -of_objects [get_hw_ilas -of_objects [get_hw_devices xcku040_0] -filter {CELL_NAME=~"data/adc_C_data_sample/uut_0"}]]
display_hw_ila_data [ get_hw_ila_data hw_ila_data_7 -of_objects [get_hw_ilas -of_objects [get_hw_devices xcku040_0] -filter {CELL_NAME=~"data/adc_D_data_package/uut_3"}]]
display_hw_ila_data [ get_hw_ila_data hw_ila_data_8 -of_objects [get_hw_ilas -of_objects [get_hw_devices xcku040_0] -filter {CELL_NAME=~"data/adc_D_data_sample/uut_0"}]]
display_hw_ila_data [ get_hw_ila_data hw_ila_data_9 -of_objects [get_hw_ilas -of_objects [get_hw_devices xcku040_0] -filter {CELL_NAME=~"data/adc_E_data_package/uut_3"}]]
display_hw_ila_data [ get_hw_ila_data hw_ila_data_10 -of_objects [get_hw_ilas -of_objects [get_hw_devices xcku040_0] -filter {CELL_NAME=~"data/adc_E_data_sample/uut_0"}]]
display_hw_ila_data [ get_hw_ila_data hw_ila_data_11 -of_objects [get_hw_ilas -of_objects [get_hw_devices xcku040_0] -filter {CELL_NAME=~"data/adc_F_data_package/uut_3"}]]
display_hw_ila_data [ get_hw_ila_data hw_ila_data_12 -of_objects [get_hw_ilas -of_objects [get_hw_devices xcku040_0] -filter {CELL_NAME=~"data/adc_F_data_sample/uut_0"}]]
display_hw_ila_data [ get_hw_ila_data hw_ila_data_13 -of_objects [get_hw_ilas -of_objects [get_hw_devices xcku040_0] -filter {CELL_NAME=~"data/adc_G_data_package/uut_3"}]]
display_hw_ila_data [ get_hw_ila_data hw_ila_data_14 -of_objects [get_hw_ilas -of_objects [get_hw_devices xcku040_0] -filter {CELL_NAME=~"data/adc_G_data_sample/uut_0"}]]
display_hw_ila_data [ get_hw_ila_data hw_ila_data_15 -of_objects [get_hw_ilas -of_objects [get_hw_devices xcku040_0] -filter {CELL_NAME=~"data/adc_H_data_package/uut_3"}]]
display_hw_ila_data [ get_hw_ila_data hw_ila_data_16 -of_objects [get_hw_ilas -of_objects [get_hw_devices xcku040_0] -filter {CELL_NAME=~"data/adc_H_data_sample/uut_0"}]]
display_hw_ila_data [ get_hw_ila_data hw_ila_data_17 -of_objects [get_hw_ilas -of_objects [get_hw_devices xcku040_0] -filter {CELL_NAME=~"data/uut_1"}]]
display_hw_ila_data [ get_hw_ila_data hw_ila_data_18 -of_objects [get_hw_ilas -of_objects [get_hw_devices xcku040_0] -filter {CELL_NAME=~"ethernet2/eth2/mac_test0/mac_top0/mac_tx0/udp0/ustm"}]]
display_hw_ila_data [ get_hw_ila_data hw_ila_data_19 -of_objects [get_hw_ilas -of_objects [get_hw_devices xcku040_0] -filter {CELL_NAME=~"ethernet2/eth2/mac_test0/urtss"}]]
display_hw_ila_data [ get_hw_ila_data hw_ila_data_20 -of_objects [get_hw_ilas -of_objects [get_hw_devices xcku040_0] -filter {CELL_NAME=~"ethernet2_2/eth2/mac_test0/mac_top0/mac_tx0/udp0/ustm"}]]
display_hw_ila_data [ get_hw_ila_data hw_ila_data_21 -of_objects [get_hw_ilas -of_objects [get_hw_devices xcku040_0] -filter {CELL_NAME=~"ethernet2_2/eth2/mac_test0/urtss"}]]
display_hw_ila_data [ get_hw_ila_data hw_ila_data_22 -of_objects [get_hw_ilas -of_objects [get_hw_devices xcku040_0] -filter {CELL_NAME=~"wr_sd/ila_m0"}]]
display_hw_ila_data [ get_hw_ila_data hw_ila_data_23 -of_objects [get_hw_ilas -of_objects [get_hw_devices xcku040_0] -filter {CELL_NAME=~"wr_sd/sd_card_top_m0/sd_card_sec_read_write_m0/sd"}]]
run_hw_ila [get_hw_ilas -of_objects [get_hw_devices xcku040_0] -filter {CELL_NAME=~"data/adc_A_data_package/uut_3"}]
wait_on_hw_ila [get_hw_ilas -of_objects [get_hw_devices xcku040_0] -filter {CELL_NAME=~"data/adc_A_data_package/uut_3"}]
display_hw_ila_data [upload_hw_ila_data [get_hw_ilas -of_objects [get_hw_devices xcku040_0] -filter {CELL_NAME=~"data/adc_A_data_package/uut_3"}]]
run_hw_ila [get_hw_ilas -of_objects [get_hw_devices xcku040_0] -filter {CELL_NAME=~"data/uut_1"}]
wait_on_hw_ila [get_hw_ilas -of_objects [get_hw_devices xcku040_0] -filter {CELL_NAME=~"data/uut_1"}]
display_hw_ila_data [upload_hw_ila_data [get_hw_ilas -of_objects [get_hw_devices xcku040_0] -filter {CELL_NAME=~"data/uut_1"}]]
run_hw_ila [get_hw_ilas -of_objects [get_hw_devices xcku040_0] -filter {CELL_NAME=~"data/uut_1"}]
wait_on_hw_ila [get_hw_ilas -of_objects [get_hw_devices xcku040_0] -filter {CELL_NAME=~"data/uut_1"}]
display_hw_ila_data [upload_hw_ila_data [get_hw_ilas -of_objects [get_hw_devices xcku040_0] -filter {CELL_NAME=~"data/uut_1"}]]
add_wave -into {hw_ila_data_17.wcfg} -radix hex { {data/wr_en_ttt} {data/valid} {data/triggered_1} {data/startt23} {data/pre_start2} {data/fifo2_clear} }
run_hw_ila [get_hw_ilas -of_objects [get_hw_devices xcku040_0] -filter {CELL_NAME=~"data/uut_1"}]
wait_on_hw_ila [get_hw_ilas -of_objects [get_hw_devices xcku040_0] -filter {CELL_NAME=~"data/uut_1"}]
display_hw_ila_data [upload_hw_ila_data [get_hw_ilas -of_objects [get_hw_devices xcku040_0] -filter {CELL_NAME=~"data/uut_1"}]]
run_hw_ila [get_hw_ilas -of_objects [get_hw_devices xcku040_0] -filter {CELL_NAME=~"data/uut_1"}]
wait_on_hw_ila [get_hw_ilas -of_objects [get_hw_devices xcku040_0] -filter {CELL_NAME=~"data/uut_1"}]
display_hw_ila_data [upload_hw_ila_data [get_hw_ilas -of_objects [get_hw_devices xcku040_0] -filter {CELL_NAME=~"data/uut_1"}]]
run_hw_ila [get_hw_ilas -of_objects [get_hw_devices xcku040_0] -filter {CELL_NAME=~"data/uut_1"}]
wait_on_hw_ila [get_hw_ilas -of_objects [get_hw_devices xcku040_0] -filter {CELL_NAME=~"data/uut_1"}]
display_hw_ila_data [upload_hw_ila_data [get_hw_ilas -of_objects [get_hw_devices xcku040_0] -filter {CELL_NAME=~"data/uut_1"}]]
run_hw_ila [get_hw_ilas -of_objects [get_hw_devices xcku040_0] -filter {CELL_NAME=~"data/adc_A_data_sample/uut_0"}]
wait_on_hw_ila [get_hw_ilas -of_objects [get_hw_devices xcku040_0] -filter {CELL_NAME=~"data/adc_A_data_sample/uut_0"}]
display_hw_ila_data [upload_hw_ila_data [get_hw_ilas -of_objects [get_hw_devices xcku040_0] -filter {CELL_NAME=~"data/adc_A_data_sample/uut_0"}]]
run_hw_ila [get_hw_ilas -of_objects [get_hw_devices xcku040_0] -filter {CELL_NAME=~"data/adc_B_data_package/uut_3"}]
wait_on_hw_ila [get_hw_ilas -of_objects [get_hw_devices xcku040_0] -filter {CELL_NAME=~"data/adc_B_data_package/uut_3"}]
display_hw_ila_data [upload_hw_ila_data [get_hw_ilas -of_objects [get_hw_devices xcku040_0] -filter {CELL_NAME=~"data/adc_B_data_package/uut_3"}]]
run_hw_ila [get_hw_ilas -of_objects [get_hw_devices xcku040_0] -filter {CELL_NAME=~"data/adc_B_data_package/uut_3"}]
wait_on_hw_ila [get_hw_ilas -of_objects [get_hw_devices xcku040_0] -filter {CELL_NAME=~"data/adc_B_data_package/uut_3"}]
display_hw_ila_data [upload_hw_ila_data [get_hw_ilas -of_objects [get_hw_devices xcku040_0] -filter {CELL_NAME=~"data/adc_B_data_package/uut_3"}]]
run_hw_ila [get_hw_ilas -of_objects [get_hw_devices xcku040_0] -filter {CELL_NAME=~"data/adc_B_data_package/uut_3"}]
wait_on_hw_ila [get_hw_ilas -of_objects [get_hw_devices xcku040_0] -filter {CELL_NAME=~"data/adc_B_data_package/uut_3"}]
display_hw_ila_data [upload_hw_ila_data [get_hw_ilas -of_objects [get_hw_devices xcku040_0] -filter {CELL_NAME=~"data/adc_B_data_package/uut_3"}]]
run_hw_ila [get_hw_ilas -of_objects [get_hw_devices xcku040_0] -filter {CELL_NAME=~"data/adc_B_data_package/uut_3"}]
wait_on_hw_ila [get_hw_ilas -of_objects [get_hw_devices xcku040_0] -filter {CELL_NAME=~"data/adc_B_data_package/uut_3"}]
display_hw_ila_data [upload_hw_ila_data [get_hw_ilas -of_objects [get_hw_devices xcku040_0] -filter {CELL_NAME=~"data/adc_B_data_package/uut_3"}]]
run_hw_ila [get_hw_ilas -of_objects [get_hw_devices xcku040_0] -filter {CELL_NAME=~"data/adc_B_data_package/uut_3"}]
wait_on_hw_ila [get_hw_ilas -of_objects [get_hw_devices xcku040_0] -filter {CELL_NAME=~"data/adc_B_data_package/uut_3"}]
display_hw_ila_data [upload_hw_ila_data [get_hw_ilas -of_objects [get_hw_devices xcku040_0] -filter {CELL_NAME=~"data/adc_B_data_package/uut_3"}]]
run_hw_ila [get_hw_ilas -of_objects [get_hw_devices xcku040_0] -filter {CELL_NAME=~"data/adc_B_data_package/uut_3"}]
wait_on_hw_ila [get_hw_ilas -of_objects [get_hw_devices xcku040_0] -filter {CELL_NAME=~"data/adc_B_data_package/uut_3"}]
display_hw_ila_data [upload_hw_ila_data [get_hw_ilas -of_objects [get_hw_devices xcku040_0] -filter {CELL_NAME=~"data/adc_B_data_package/uut_3"}]]
run_hw_ila [get_hw_ilas -of_objects [get_hw_devices xcku040_0] -filter {CELL_NAME=~"data/uut_1"}]
wait_on_hw_ila [get_hw_ilas -of_objects [get_hw_devices xcku040_0] -filter {CELL_NAME=~"data/uut_1"}]
display_hw_ila_data [upload_hw_ila_data [get_hw_ilas -of_objects [get_hw_devices xcku040_0] -filter {CELL_NAME=~"data/uut_1"}]]
run_hw_ila [get_hw_ilas -of_objects [get_hw_devices xcku040_0] -filter {CELL_NAME=~"data/uut_1"}]
wait_on_hw_ila [get_hw_ilas -of_objects [get_hw_devices xcku040_0] -filter {CELL_NAME=~"data/uut_1"}]
display_hw_ila_data [upload_hw_ila_data [get_hw_ilas -of_objects [get_hw_devices xcku040_0] -filter {CELL_NAME=~"data/uut_1"}]]
reset_run synth_1
launch_runs impl_1 -to_step write_bitstream -jobs 12
wait_on_run impl_1
open_run impl_1
close_design
set_property PROBES.FILE {E:/vivadoprojects/adcether/adc_8channel_zyw_2/adc_8channel_zyw_1.runs/impl_1/top.ltx} [get_hw_devices xcku040_0]
set_property FULL_PROBES.FILE {E:/vivadoprojects/adcether/adc_8channel_zyw_2/adc_8channel_zyw_1.runs/impl_1/top.ltx} [get_hw_devices xcku040_0]
set_property PROGRAM.FILE {E:/vivadoprojects/adcether/adc_8channel_zyw_2/adc_8channel_zyw_1.runs/impl_1/top.bit} [get_hw_devices xcku040_0]
program_hw_devices [get_hw_devices xcku040_0]
refresh_hw_device [lindex [get_hw_devices xcku040_0] 0]
display_hw_ila_data [ get_hw_ila_data hw_ila_data_1 -of_objects [get_hw_ilas -of_objects [get_hw_devices xcku040_0] -filter {CELL_NAME=~"data/adc_A_data_package/uut_3"}]]
display_hw_ila_data [ get_hw_ila_data hw_ila_data_2 -of_objects [get_hw_ilas -of_objects [get_hw_devices xcku040_0] -filter {CELL_NAME=~"data/adc_A_data_sample/uut_0"}]]
display_hw_ila_data [ get_hw_ila_data hw_ila_data_3 -of_objects [get_hw_ilas -of_objects [get_hw_devices xcku040_0] -filter {CELL_NAME=~"data/adc_B_data_package/uut_3"}]]
display_hw_ila_data [ get_hw_ila_data hw_ila_data_4 -of_objects [get_hw_ilas -of_objects [get_hw_devices xcku040_0] -filter {CELL_NAME=~"data/adc_B_data_sample/uut_0"}]]
display_hw_ila_data [ get_hw_ila_data hw_ila_data_5 -of_objects [get_hw_ilas -of_objects [get_hw_devices xcku040_0] -filter {CELL_NAME=~"data/adc_C_data_package/uut_3"}]]
display_hw_ila_data [ get_hw_ila_data hw_ila_data_6 -of_objects [get_hw_ilas -of_objects [get_hw_devices xcku040_0] -filter {CELL_NAME=~"data/adc_C_data_sample/uut_0"}]]
display_hw_ila_data [ get_hw_ila_data hw_ila_data_7 -of_objects [get_hw_ilas -of_objects [get_hw_devices xcku040_0] -filter {CELL_NAME=~"data/adc_D_data_package/uut_3"}]]
display_hw_ila_data [ get_hw_ila_data hw_ila_data_8 -of_objects [get_hw_ilas -of_objects [get_hw_devices xcku040_0] -filter {CELL_NAME=~"data/adc_D_data_sample/uut_0"}]]
display_hw_ila_data [ get_hw_ila_data hw_ila_data_9 -of_objects [get_hw_ilas -of_objects [get_hw_devices xcku040_0] -filter {CELL_NAME=~"data/adc_E_data_package/uut_3"}]]
display_hw_ila_data [ get_hw_ila_data hw_ila_data_10 -of_objects [get_hw_ilas -of_objects [get_hw_devices xcku040_0] -filter {CELL_NAME=~"data/adc_E_data_sample/uut_0"}]]
display_hw_ila_data [ get_hw_ila_data hw_ila_data_11 -of_objects [get_hw_ilas -of_objects [get_hw_devices xcku040_0] -filter {CELL_NAME=~"data/adc_F_data_package/uut_3"}]]
display_hw_ila_data [ get_hw_ila_data hw_ila_data_12 -of_objects [get_hw_ilas -of_objects [get_hw_devices xcku040_0] -filter {CELL_NAME=~"data/adc_F_data_sample/uut_0"}]]
display_hw_ila_data [ get_hw_ila_data hw_ila_data_13 -of_objects [get_hw_ilas -of_objects [get_hw_devices xcku040_0] -filter {CELL_NAME=~"data/adc_G_data_package/uut_3"}]]
display_hw_ila_data [ get_hw_ila_data hw_ila_data_14 -of_objects [get_hw_ilas -of_objects [get_hw_devices xcku040_0] -filter {CELL_NAME=~"data/adc_G_data_sample/uut_0"}]]
display_hw_ila_data [ get_hw_ila_data hw_ila_data_15 -of_objects [get_hw_ilas -of_objects [get_hw_devices xcku040_0] -filter {CELL_NAME=~"data/adc_H_data_package/uut_3"}]]
display_hw_ila_data [ get_hw_ila_data hw_ila_data_16 -of_objects [get_hw_ilas -of_objects [get_hw_devices xcku040_0] -filter {CELL_NAME=~"data/adc_H_data_sample/uut_0"}]]
display_hw_ila_data [ get_hw_ila_data hw_ila_data_17 -of_objects [get_hw_ilas -of_objects [get_hw_devices xcku040_0] -filter {CELL_NAME=~"data/uut_1"}]]
display_hw_ila_data [ get_hw_ila_data hw_ila_data_18 -of_objects [get_hw_ilas -of_objects [get_hw_devices xcku040_0] -filter {CELL_NAME=~"ethernet2/eth2/mac_test0/mac_top0/mac_tx0/udp0/ustm"}]]
display_hw_ila_data [ get_hw_ila_data hw_ila_data_19 -of_objects [get_hw_ilas -of_objects [get_hw_devices xcku040_0] -filter {CELL_NAME=~"ethernet2/eth2/mac_test0/urtss"}]]
display_hw_ila_data [ get_hw_ila_data hw_ila_data_20 -of_objects [get_hw_ilas -of_objects [get_hw_devices xcku040_0] -filter {CELL_NAME=~"ethernet2_2/eth2/mac_test0/mac_top0/mac_tx0/udp0/ustm"}]]
display_hw_ila_data [ get_hw_ila_data hw_ila_data_21 -of_objects [get_hw_ilas -of_objects [get_hw_devices xcku040_0] -filter {CELL_NAME=~"ethernet2_2/eth2/mac_test0/urtss"}]]
display_hw_ila_data [ get_hw_ila_data hw_ila_data_22 -of_objects [get_hw_ilas -of_objects [get_hw_devices xcku040_0] -filter {CELL_NAME=~"wr_sd/ila_m0"}]]
display_hw_ila_data [ get_hw_ila_data hw_ila_data_23 -of_objects [get_hw_ilas -of_objects [get_hw_devices xcku040_0] -filter {CELL_NAME=~"wr_sd/sd_card_top_m0/sd_card_sec_read_write_m0/sd"}]]
set_property -dict [list CONFIG.C_PROBE42_WIDTH {12} CONFIG.C_NUM_OF_PROBES {44}] [get_ips ila_1]
generate_target all [get_files  E:/vivadoprojects/adcether/adc_8channel_zyw_2/adc_8channel_zyw_1.srcs/sources_1/ip/ila_1/ila_1.xci]
catch { config_ip_cache -export [get_ips -all ila_1] }
export_ip_user_files -of_objects [get_files E:/vivadoprojects/adcether/adc_8channel_zyw_2/adc_8channel_zyw_1.srcs/sources_1/ip/ila_1/ila_1.xci] -no_script -sync -force -quiet
reset_run ila_1_synth_1
launch_runs -jobs 12 ila_1_synth_1
export_simulation -of_objects [get_files E:/vivadoprojects/adcether/adc_8channel_zyw_2/adc_8channel_zyw_1.srcs/sources_1/ip/ila_1/ila_1.xci] -directory E:/vivadoprojects/adcether/adc_8channel_zyw_2/adc_8channel_zyw_1.ip_user_files/sim_scripts -ip_user_files_dir E:/vivadoprojects/adcether/adc_8channel_zyw_2/adc_8channel_zyw_1.ip_user_files -ipstatic_source_dir E:/vivadoprojects/adcether/adc_8channel_zyw_2/adc_8channel_zyw_1.ip_user_files/ipstatic -lib_map_path [list {modelsim=E:/vivadoprojects/adcether/adc_8channel_zyw_2/adc_8channel_zyw_1.cache/compile_simlib/modelsim} {questa=E:/vivadoprojects/adcether/adc_8channel_zyw_2/adc_8channel_zyw_1.cache/compile_simlib/questa} {riviera=E:/vivadoprojects/adcether/adc_8channel_zyw_2/adc_8channel_zyw_1.cache/compile_simlib/riviera} {activehdl=E:/vivadoprojects/adcether/adc_8channel_zyw_2/adc_8channel_zyw_1.cache/compile_simlib/activehdl}] -use_ip_compiled_libs -force -quiet
reset_run synth_1
launch_runs impl_1 -to_step write_bitstream -jobs 12
wait_on_run impl_1
run_hw_ila [get_hw_ilas -of_objects [get_hw_devices xcku040_0] -filter {CELL_NAME=~"data/uut_1"}]
wait_on_hw_ila [get_hw_ilas -of_objects [get_hw_devices xcku040_0] -filter {CELL_NAME=~"data/uut_1"}]
display_hw_ila_data [upload_hw_ila_data [get_hw_ilas -of_objects [get_hw_devices xcku040_0] -filter {CELL_NAME=~"data/uut_1"}]]
set_property PROBES.FILE {E:/vivadoprojects/adcether/adc_8channel_zyw_2/adc_8channel_zyw_1.runs/impl_1/top.ltx} [get_hw_devices xcku040_0]
set_property FULL_PROBES.FILE {E:/vivadoprojects/adcether/adc_8channel_zyw_2/adc_8channel_zyw_1.runs/impl_1/top.ltx} [get_hw_devices xcku040_0]
set_property PROGRAM.FILE {E:/vivadoprojects/adcether/adc_8channel_zyw_2/adc_8channel_zyw_1.runs/impl_1/top.bit} [get_hw_devices xcku040_0]
program_hw_devices [get_hw_devices xcku040_0]
refresh_hw_device [lindex [get_hw_devices xcku040_0] 0]
add_wave -into {hw_ila_data_17.wcfg} -radix hex { {data/trigger_en} {data/cnt_trigger} }
run_hw_ila [get_hw_ilas -of_objects [get_hw_devices xcku040_0] -filter {CELL_NAME=~"data/uut_1"}]
wait_on_hw_ila [get_hw_ilas -of_objects [get_hw_devices xcku040_0] -filter {CELL_NAME=~"data/uut_1"}]
display_hw_ila_data [upload_hw_ila_data [get_hw_ilas -of_objects [get_hw_devices xcku040_0] -filter {CELL_NAME=~"data/uut_1"}]]
set_property PROBES.FILE {E:/vivadoprojects/adcether/adc_8channel_zyw_2/adc_8channel_zyw_1.runs/impl_1/top.ltx} [get_hw_devices xcku040_0]
set_property FULL_PROBES.FILE {E:/vivadoprojects/adcether/adc_8channel_zyw_2/adc_8channel_zyw_1.runs/impl_1/top.ltx} [get_hw_devices xcku040_0]
set_property PROGRAM.FILE {E:/vivadoprojects/adcether/adc_8channel_zyw_2/adc_8channel_zyw_1.runs/impl_1/top.bit} [get_hw_devices xcku040_0]
program_hw_devices [get_hw_devices xcku040_0]
refresh_hw_device [lindex [get_hw_devices xcku040_0] 0]
display_hw_ila_data [ get_hw_ila_data hw_ila_data_1 -of_objects [get_hw_ilas -of_objects [get_hw_devices xcku040_0] -filter {CELL_NAME=~"data/adc_A_data_package/uut_3"}]]
display_hw_ila_data [ get_hw_ila_data hw_ila_data_2 -of_objects [get_hw_ilas -of_objects [get_hw_devices xcku040_0] -filter {CELL_NAME=~"data/adc_A_data_sample/uut_0"}]]
display_hw_ila_data [ get_hw_ila_data hw_ila_data_3 -of_objects [get_hw_ilas -of_objects [get_hw_devices xcku040_0] -filter {CELL_NAME=~"data/adc_B_data_package/uut_3"}]]
display_hw_ila_data [ get_hw_ila_data hw_ila_data_4 -of_objects [get_hw_ilas -of_objects [get_hw_devices xcku040_0] -filter {CELL_NAME=~"data/adc_B_data_sample/uut_0"}]]
display_hw_ila_data [ get_hw_ila_data hw_ila_data_5 -of_objects [get_hw_ilas -of_objects [get_hw_devices xcku040_0] -filter {CELL_NAME=~"data/adc_C_data_package/uut_3"}]]
display_hw_ila_data [ get_hw_ila_data hw_ila_data_6 -of_objects [get_hw_ilas -of_objects [get_hw_devices xcku040_0] -filter {CELL_NAME=~"data/adc_C_data_sample/uut_0"}]]
display_hw_ila_data [ get_hw_ila_data hw_ila_data_7 -of_objects [get_hw_ilas -of_objects [get_hw_devices xcku040_0] -filter {CELL_NAME=~"data/adc_D_data_package/uut_3"}]]
display_hw_ila_data [ get_hw_ila_data hw_ila_data_8 -of_objects [get_hw_ilas -of_objects [get_hw_devices xcku040_0] -filter {CELL_NAME=~"data/adc_D_data_sample/uut_0"}]]
display_hw_ila_data [ get_hw_ila_data hw_ila_data_9 -of_objects [get_hw_ilas -of_objects [get_hw_devices xcku040_0] -filter {CELL_NAME=~"data/adc_E_data_package/uut_3"}]]
display_hw_ila_data [ get_hw_ila_data hw_ila_data_10 -of_objects [get_hw_ilas -of_objects [get_hw_devices xcku040_0] -filter {CELL_NAME=~"data/adc_E_data_sample/uut_0"}]]
display_hw_ila_data [ get_hw_ila_data hw_ila_data_11 -of_objects [get_hw_ilas -of_objects [get_hw_devices xcku040_0] -filter {CELL_NAME=~"data/adc_F_data_package/uut_3"}]]
display_hw_ila_data [ get_hw_ila_data hw_ila_data_12 -of_objects [get_hw_ilas -of_objects [get_hw_devices xcku040_0] -filter {CELL_NAME=~"data/adc_F_data_sample/uut_0"}]]
display_hw_ila_data [ get_hw_ila_data hw_ila_data_13 -of_objects [get_hw_ilas -of_objects [get_hw_devices xcku040_0] -filter {CELL_NAME=~"data/adc_G_data_package/uut_3"}]]
display_hw_ila_data [ get_hw_ila_data hw_ila_data_14 -of_objects [get_hw_ilas -of_objects [get_hw_devices xcku040_0] -filter {CELL_NAME=~"data/adc_G_data_sample/uut_0"}]]
display_hw_ila_data [ get_hw_ila_data hw_ila_data_15 -of_objects [get_hw_ilas -of_objects [get_hw_devices xcku040_0] -filter {CELL_NAME=~"data/adc_H_data_package/uut_3"}]]
display_hw_ila_data [ get_hw_ila_data hw_ila_data_16 -of_objects [get_hw_ilas -of_objects [get_hw_devices xcku040_0] -filter {CELL_NAME=~"data/adc_H_data_sample/uut_0"}]]
display_hw_ila_data [ get_hw_ila_data hw_ila_data_17 -of_objects [get_hw_ilas -of_objects [get_hw_devices xcku040_0] -filter {CELL_NAME=~"data/uut_1"}]]
display_hw_ila_data [ get_hw_ila_data hw_ila_data_18 -of_objects [get_hw_ilas -of_objects [get_hw_devices xcku040_0] -filter {CELL_NAME=~"ethernet2/eth2/mac_test0/mac_top0/mac_tx0/udp0/ustm"}]]
display_hw_ila_data [ get_hw_ila_data hw_ila_data_19 -of_objects [get_hw_ilas -of_objects [get_hw_devices xcku040_0] -filter {CELL_NAME=~"ethernet2/eth2/mac_test0/urtss"}]]
display_hw_ila_data [ get_hw_ila_data hw_ila_data_20 -of_objects [get_hw_ilas -of_objects [get_hw_devices xcku040_0] -filter {CELL_NAME=~"ethernet2_2/eth2/mac_test0/mac_top0/mac_tx0/udp0/ustm"}]]
display_hw_ila_data [ get_hw_ila_data hw_ila_data_21 -of_objects [get_hw_ilas -of_objects [get_hw_devices xcku040_0] -filter {CELL_NAME=~"ethernet2_2/eth2/mac_test0/urtss"}]]
display_hw_ila_data [ get_hw_ila_data hw_ila_data_22 -of_objects [get_hw_ilas -of_objects [get_hw_devices xcku040_0] -filter {CELL_NAME=~"wr_sd/ila_m0"}]]
display_hw_ila_data [ get_hw_ila_data hw_ila_data_23 -of_objects [get_hw_ilas -of_objects [get_hw_devices xcku040_0] -filter {CELL_NAME=~"wr_sd/sd_card_top_m0/sd_card_sec_read_write_m0/sd"}]]
run_hw_ila [get_hw_ilas -of_objects [get_hw_devices xcku040_0] -filter {CELL_NAME=~"data/uut_1"}]
wait_on_hw_ila -timeout 0 [get_hw_ilas -of_objects [get_hw_devices xcku040_0] -filter {CELL_NAME=~"data/uut_1"}]
upload_hw_ila_data [get_hw_ilas -of_objects [get_hw_devices xcku040_0] -filter {CELL_NAME=~"data/uut_1"}]
delete_hw_cfgmem [ get_property PROGRAM.HW_CFGMEM [get_hw_devices xcku040_0 ]]
create_hw_cfgmem -hw_device [lindex [get_hw_devices xcku040_0] 0] [lindex [get_cfgmem_parts {mt25ql128-spi-x1_x2_x4}] 0]
set_property PROGRAM.BLANK_CHECK  0 [ get_property PROGRAM.HW_CFGMEM [lindex [get_hw_devices xcku040_0] 0]]
set_property PROGRAM.ERASE  1 [ get_property PROGRAM.HW_CFGMEM [lindex [get_hw_devices xcku040_0] 0]]
set_property PROGRAM.CFG_PROGRAM  1 [ get_property PROGRAM.HW_CFGMEM [lindex [get_hw_devices xcku040_0] 0]]
set_property PROGRAM.VERIFY  1 [ get_property PROGRAM.HW_CFGMEM [lindex [get_hw_devices xcku040_0] 0]]
set_property PROGRAM.CHECKSUM  0 [ get_property PROGRAM.HW_CFGMEM [lindex [get_hw_devices xcku040_0] 0]]
refresh_hw_device [lindex [get_hw_devices xcku040_0] 0]
set_property PROGRAM.ADDRESS_RANGE  {use_file} [ get_property PROGRAM.HW_CFGMEM [lindex [get_hw_devices xcku040_0] 0]]
set_property PROGRAM.FILES [list "E:/vivadoprojects/adcether/adc_8channel_zyw_2/adc_8channel_zyw_1.runs/impl_1/top.bin" ] [ get_property PROGRAM.HW_CFGMEM [lindex [get_hw_devices xcku040_0] 0]]
set_property PROGRAM.PRM_FILE {} [ get_property PROGRAM.HW_CFGMEM [lindex [get_hw_devices xcku040_0] 0]]
set_property PROGRAM.UNUSED_PIN_TERMINATION {pull-none} [ get_property PROGRAM.HW_CFGMEM [lindex [get_hw_devices xcku040_0] 0]]
set_property PROGRAM.BLANK_CHECK  0 [ get_property PROGRAM.HW_CFGMEM [lindex [get_hw_devices xcku040_0] 0]]
set_property PROGRAM.ERASE  1 [ get_property PROGRAM.HW_CFGMEM [lindex [get_hw_devices xcku040_0] 0]]
set_property PROGRAM.CFG_PROGRAM  1 [ get_property PROGRAM.HW_CFGMEM [lindex [get_hw_devices xcku040_0] 0]]
set_property PROGRAM.VERIFY  1 [ get_property PROGRAM.HW_CFGMEM [lindex [get_hw_devices xcku040_0] 0]]
set_property PROGRAM.CHECKSUM  0 [ get_property PROGRAM.HW_CFGMEM [lindex [get_hw_devices xcku040_0] 0]]
startgroup 
if {![string equal [get_property PROGRAM.HW_CFGMEM_TYPE  [lindex [get_hw_devices xcku040_0] 0]] [get_property MEM_TYPE [get_property CFGMEM_PART [ get_property PROGRAM.HW_CFGMEM [lindex [get_hw_devices xcku040_0] 0]]]]] }  { create_hw_bitstream -hw_device [lindex [get_hw_devices xcku040_0] 0] [get_property PROGRAM.HW_CFGMEM_BITFILE [ lindex [get_hw_devices xcku040_0] 0]]; program_hw_devices [lindex [get_hw_devices xcku040_0] 0]; }; 
program_hw_cfgmem -hw_cfgmem [ get_property PROGRAM.HW_CFGMEM [lindex [get_hw_devices xcku040_0] 0]]
endgroup
reset_run synth_1
launch_runs impl_1 -to_step write_bitstream -jobs 12
wait_on_run impl_1
open_run impl_1
delete_hw_cfgmem [ get_property PROGRAM.HW_CFGMEM [get_hw_devices xcku040_0 ]]
set_property PROBES.FILE {E:/vivadoprojects/adcether/adc_8channel_zyw_2/adc_8channel_zyw_1.runs/impl_1/top.ltx} [get_hw_devices xcku040_0]
set_property FULL_PROBES.FILE {E:/vivadoprojects/adcether/adc_8channel_zyw_2/adc_8channel_zyw_1.runs/impl_1/top.ltx} [get_hw_devices xcku040_0]
set_property PROGRAM.FILE {E:/vivadoprojects/adcether/adc_8channel_zyw_2/adc_8channel_zyw_1.runs/impl_1/top.bit} [get_hw_devices xcku040_0]
program_hw_devices [get_hw_devices xcku040_0]
refresh_hw_device [lindex [get_hw_devices xcku040_0] 0]
display_hw_ila_data [ get_hw_ila_data hw_ila_data_1 -of_objects [get_hw_ilas -of_objects [get_hw_devices xcku040_0] -filter {CELL_NAME=~"data/adc_A_data_package/uut_3"}]]
display_hw_ila_data [ get_hw_ila_data hw_ila_data_2 -of_objects [get_hw_ilas -of_objects [get_hw_devices xcku040_0] -filter {CELL_NAME=~"data/adc_A_data_sample/uut_0"}]]
display_hw_ila_data [ get_hw_ila_data hw_ila_data_3 -of_objects [get_hw_ilas -of_objects [get_hw_devices xcku040_0] -filter {CELL_NAME=~"data/adc_B_data_package/uut_3"}]]
display_hw_ila_data [ get_hw_ila_data hw_ila_data_4 -of_objects [get_hw_ilas -of_objects [get_hw_devices xcku040_0] -filter {CELL_NAME=~"data/adc_B_data_sample/uut_0"}]]
display_hw_ila_data [ get_hw_ila_data hw_ila_data_5 -of_objects [get_hw_ilas -of_objects [get_hw_devices xcku040_0] -filter {CELL_NAME=~"data/adc_C_data_package/uut_3"}]]
display_hw_ila_data [ get_hw_ila_data hw_ila_data_6 -of_objects [get_hw_ilas -of_objects [get_hw_devices xcku040_0] -filter {CELL_NAME=~"data/adc_C_data_sample/uut_0"}]]
display_hw_ila_data [ get_hw_ila_data hw_ila_data_7 -of_objects [get_hw_ilas -of_objects [get_hw_devices xcku040_0] -filter {CELL_NAME=~"data/adc_D_data_package/uut_3"}]]
display_hw_ila_data [ get_hw_ila_data hw_ila_data_8 -of_objects [get_hw_ilas -of_objects [get_hw_devices xcku040_0] -filter {CELL_NAME=~"data/adc_D_data_sample/uut_0"}]]
display_hw_ila_data [ get_hw_ila_data hw_ila_data_9 -of_objects [get_hw_ilas -of_objects [get_hw_devices xcku040_0] -filter {CELL_NAME=~"data/adc_E_data_package/uut_3"}]]
display_hw_ila_data [ get_hw_ila_data hw_ila_data_10 -of_objects [get_hw_ilas -of_objects [get_hw_devices xcku040_0] -filter {CELL_NAME=~"data/adc_E_data_sample/uut_0"}]]
display_hw_ila_data [ get_hw_ila_data hw_ila_data_11 -of_objects [get_hw_ilas -of_objects [get_hw_devices xcku040_0] -filter {CELL_NAME=~"data/adc_F_data_package/uut_3"}]]
display_hw_ila_data [ get_hw_ila_data hw_ila_data_12 -of_objects [get_hw_ilas -of_objects [get_hw_devices xcku040_0] -filter {CELL_NAME=~"data/adc_F_data_sample/uut_0"}]]
display_hw_ila_data [ get_hw_ila_data hw_ila_data_13 -of_objects [get_hw_ilas -of_objects [get_hw_devices xcku040_0] -filter {CELL_NAME=~"data/adc_G_data_package/uut_3"}]]
display_hw_ila_data [ get_hw_ila_data hw_ila_data_14 -of_objects [get_hw_ilas -of_objects [get_hw_devices xcku040_0] -filter {CELL_NAME=~"data/adc_G_data_sample/uut_0"}]]
display_hw_ila_data [ get_hw_ila_data hw_ila_data_15 -of_objects [get_hw_ilas -of_objects [get_hw_devices xcku040_0] -filter {CELL_NAME=~"data/adc_H_data_package/uut_3"}]]
display_hw_ila_data [ get_hw_ila_data hw_ila_data_16 -of_objects [get_hw_ilas -of_objects [get_hw_devices xcku040_0] -filter {CELL_NAME=~"data/adc_H_data_sample/uut_0"}]]
display_hw_ila_data [ get_hw_ila_data hw_ila_data_17 -of_objects [get_hw_ilas -of_objects [get_hw_devices xcku040_0] -filter {CELL_NAME=~"data/uut_1"}]]
display_hw_ila_data [ get_hw_ila_data hw_ila_data_18 -of_objects [get_hw_ilas -of_objects [get_hw_devices xcku040_0] -filter {CELL_NAME=~"ethernet2/eth2/mac_test0/mac_top0/mac_tx0/udp0/ustm"}]]
display_hw_ila_data [ get_hw_ila_data hw_ila_data_19 -of_objects [get_hw_ilas -of_objects [get_hw_devices xcku040_0] -filter {CELL_NAME=~"ethernet2/eth2/mac_test0/urtss"}]]
display_hw_ila_data [ get_hw_ila_data hw_ila_data_20 -of_objects [get_hw_ilas -of_objects [get_hw_devices xcku040_0] -filter {CELL_NAME=~"ethernet2_2/eth2/mac_test0/mac_top0/mac_tx0/udp0/ustm"}]]
display_hw_ila_data [ get_hw_ila_data hw_ila_data_21 -of_objects [get_hw_ilas -of_objects [get_hw_devices xcku040_0] -filter {CELL_NAME=~"ethernet2_2/eth2/mac_test0/urtss"}]]
display_hw_ila_data [ get_hw_ila_data hw_ila_data_22 -of_objects [get_hw_ilas -of_objects [get_hw_devices xcku040_0] -filter {CELL_NAME=~"wr_sd/ila_m0"}]]
display_hw_ila_data [ get_hw_ila_data hw_ila_data_23 -of_objects [get_hw_ilas -of_objects [get_hw_devices xcku040_0] -filter {CELL_NAME=~"wr_sd/sd_card_top_m0/sd_card_sec_read_write_m0/sd"}]]
create_hw_cfgmem -hw_device [lindex [get_hw_devices xcku040_0] 0] [lindex [get_cfgmem_parts {mt25ql128-spi-x1_x2_x4}] 0]
set_property PROGRAM.BLANK_CHECK  0 [ get_property PROGRAM.HW_CFGMEM [lindex [get_hw_devices xcku040_0] 0]]
set_property PROGRAM.ERASE  1 [ get_property PROGRAM.HW_CFGMEM [lindex [get_hw_devices xcku040_0] 0]]
set_property PROGRAM.CFG_PROGRAM  1 [ get_property PROGRAM.HW_CFGMEM [lindex [get_hw_devices xcku040_0] 0]]
set_property PROGRAM.VERIFY  1 [ get_property PROGRAM.HW_CFGMEM [lindex [get_hw_devices xcku040_0] 0]]
set_property PROGRAM.CHECKSUM  0 [ get_property PROGRAM.HW_CFGMEM [lindex [get_hw_devices xcku040_0] 0]]
refresh_hw_device [lindex [get_hw_devices xcku040_0] 0]
set_property PROGRAM.ADDRESS_RANGE  {use_file} [ get_property PROGRAM.HW_CFGMEM [lindex [get_hw_devices xcku040_0] 0]]
set_property PROGRAM.FILES [list "E:/vivadoprojects/adcether/adc_8channel_zyw_2/adc_8channel_zyw_1.runs/impl_1/top.bin" ] [ get_property PROGRAM.HW_CFGMEM [lindex [get_hw_devices xcku040_0] 0]]
set_property PROGRAM.PRM_FILE {} [ get_property PROGRAM.HW_CFGMEM [lindex [get_hw_devices xcku040_0] 0]]
set_property PROGRAM.UNUSED_PIN_TERMINATION {pull-none} [ get_property PROGRAM.HW_CFGMEM [lindex [get_hw_devices xcku040_0] 0]]
set_property PROGRAM.BLANK_CHECK  0 [ get_property PROGRAM.HW_CFGMEM [lindex [get_hw_devices xcku040_0] 0]]
set_property PROGRAM.ERASE  1 [ get_property PROGRAM.HW_CFGMEM [lindex [get_hw_devices xcku040_0] 0]]
set_property PROGRAM.CFG_PROGRAM  1 [ get_property PROGRAM.HW_CFGMEM [lindex [get_hw_devices xcku040_0] 0]]
set_property PROGRAM.VERIFY  1 [ get_property PROGRAM.HW_CFGMEM [lindex [get_hw_devices xcku040_0] 0]]
set_property PROGRAM.CHECKSUM  0 [ get_property PROGRAM.HW_CFGMEM [lindex [get_hw_devices xcku040_0] 0]]
startgroup 
if {![string equal [get_property PROGRAM.HW_CFGMEM_TYPE  [lindex [get_hw_devices xcku040_0] 0]] [get_property MEM_TYPE [get_property CFGMEM_PART [ get_property PROGRAM.HW_CFGMEM [lindex [get_hw_devices xcku040_0] 0]]]]] }  { create_hw_bitstream -hw_device [lindex [get_hw_devices xcku040_0] 0] [get_property PROGRAM.HW_CFGMEM_BITFILE [ lindex [get_hw_devices xcku040_0] 0]]; program_hw_devices [lindex [get_hw_devices xcku040_0] 0]; }; 
program_hw_cfgmem -hw_cfgmem [ get_property PROGRAM.HW_CFGMEM [lindex [get_hw_devices xcku040_0] 0]]
endgroup
update_compile_order -fileset sources_1
reset_run synth_1
launch_runs impl_1 -to_step write_bitstream -jobs 12
wait_on_run impl_1
open_run impl_1
close_design
disconnect_hw_server localhost:3121
connect_hw_server
disconnect_hw_server localhost:3121
connect_hw_server
close_hw
open_hw
connect_hw_server
